// Jest Snapshot v1, https://goo.gl/fbAQLP

exports[`Default card 1`] = `
Object {
  "asFragment": [Function],
  "baseElement": <body>
    <div>
      <div
        class="sc-gKAaRy jbNfMh"
      >
        <h1
          class="sc-dlnjwi gYKPDG"
          font-size="20px"
        >
          Custom List Item
        </h1>
        <p
          class="sc-bdnxRM icgxZr"
          style="color: rgb(1, 60, 99); font-size: 15px; line-height: 21px;"
        >
          List Item 1
        </p>
        <p
          class="sc-bdnxRM icgxZr"
          style="color: rgb(1, 60, 99); font-size: 15px; line-height: 21px;"
        >
          List Item 2
        </p>
        <p
          class="sc-bdnxRM icgxZr"
          style="color: rgb(1, 60, 99); font-size: 15px; line-height: 21px;"
        >
          List Item 3
        </p>
      </div>
    </div>
  </body>,
  "container": <div>
    <div
      class="sc-gKAaRy jbNfMh"
    >
      <h1
        class="sc-dlnjwi gYKPDG"
        font-size="20px"
      >
        Custom List Item
      </h1>
      <p
        class="sc-bdnxRM icgxZr"
        style="color: rgb(1, 60, 99); font-size: 15px; line-height: 21px;"
      >
        List Item 1
      </p>
      <p
        class="sc-bdnxRM icgxZr"
        style="color: rgb(1, 60, 99); font-size: 15px; line-height: 21px;"
      >
        List Item 2
      </p>
      <p
        class="sc-bdnxRM icgxZr"
        style="color: rgb(1, 60, 99); font-size: 15px; line-height: 21px;"
      >
        List Item 3
      </p>
    </div>
  </div>,
  "debug": [Function],
  "findAllByAltText": [Function],
  "findAllByDisplayValue": [Function],
  "findAllByLabelText": [Function],
  "findAllByPlaceholderText": [Function],
  "findAllByRole": [Function],
  "findAllByTestId": [Function],
  "findAllByText": [Function],
  "findAllByTitle": [Function],
  "findByAltText": [Function],
  "findByDisplayValue": [Function],
  "findByLabelText": [Function],
  "findByPlaceholderText": [Function],
  "findByRole": [Function],
  "findByTestId": [Function],
  "findByText": [Function],
  "findByTitle": [Function],
  "getAllByAltText": [Function],
  "getAllByDisplayValue": [Function],
  "getAllByLabelText": [Function],
  "getAllByPlaceholderText": [Function],
  "getAllByRole": [Function],
  "getAllByTestId": [Function],
  "getAllByText": [Function],
  "getAllByTitle": [Function],
  "getByAltText": [Function],
  "getByDisplayValue": [Function],
  "getByLabelText": [Function],
  "getByPlaceholderText": [Function],
  "getByRole": [Function],
  "getByTestId": [Function],
  "getByText": [Function],
  "getByTitle": [Function],
  "queryAllByAltText": [Function],
  "queryAllByDisplayValue": [Function],
  "queryAllByLabelText": [Function],
  "queryAllByPlaceholderText": [Function],
  "queryAllByRole": [Function],
  "queryAllByTestId": [Function],
  "queryAllByText": [Function],
  "queryAllByTitle": [Function],
  "queryByAltText": [Function],
  "queryByDisplayValue": [Function],
  "queryByLabelText": [Function],
  "queryByPlaceholderText": [Function],
  "queryByRole": [Function],
  "queryByTestId": [Function],
  "queryByText": [Function],
  "queryByTitle": [Function],
  "rerender": [Function],
  "unmount": [Function],
}
`;
