// Jest Snapshot v1, https://goo.gl/fbAQLP

exports[`Default select 1`] = `
Object {
  "asFragment": [Function],
  "baseElement": <body>
    <div>
      <form
        action="#"
      >
        <div>
          <div
            class="sc-gsTCUz eGyIgM"
          >
            <label
              for="firstName"
            >
              First name
            </label>
            <input
              id="firstName"
              type="text"
              value=""
            />
          </div>
        </div>
        <div>
          <div
            class="sc-gsTCUz eGyIgM"
          >
            <label
              for="lastName"
            >
              Last name
            </label>
            <input
              id="lastName"
              type="text"
              value=""
            />
          </div>
        </div>
        <button
          class="sc-bdfBwQ hMKfoD"
          color="#013c63"
          type="submit"
        >
          Confirm
        </button>
      </form>
    </div>
  </body>,
  "container": <div>
    <form
      action="#"
    >
      <div>
        <div
          class="sc-gsTCUz eGyIgM"
        >
          <label
            for="firstName"
          >
            First name
          </label>
          <input
            id="firstName"
            type="text"
            value=""
          />
        </div>
      </div>
      <div>
        <div
          class="sc-gsTCUz eGyIgM"
        >
          <label
            for="lastName"
          >
            Last name
          </label>
          <input
            id="lastName"
            type="text"
            value=""
          />
        </div>
      </div>
      <button
        class="sc-bdfBwQ hMKfoD"
        color="#013c63"
        type="submit"
      >
        Confirm
      </button>
    </form>
  </div>,
  "debug": [Function],
  "findAllByAltText": [Function],
  "findAllByDisplayValue": [Function],
  "findAllByLabelText": [Function],
  "findAllByPlaceholderText": [Function],
  "findAllByRole": [Function],
  "findAllByTestId": [Function],
  "findAllByText": [Function],
  "findAllByTitle": [Function],
  "findByAltText": [Function],
  "findByDisplayValue": [Function],
  "findByLabelText": [Function],
  "findByPlaceholderText": [Function],
  "findByRole": [Function],
  "findByTestId": [Function],
  "findByText": [Function],
  "findByTitle": [Function],
  "getAllByAltText": [Function],
  "getAllByDisplayValue": [Function],
  "getAllByLabelText": [Function],
  "getAllByPlaceholderText": [Function],
  "getAllByRole": [Function],
  "getAllByTestId": [Function],
  "getAllByText": [Function],
  "getAllByTitle": [Function],
  "getByAltText": [Function],
  "getByDisplayValue": [Function],
  "getByLabelText": [Function],
  "getByPlaceholderText": [Function],
  "getByRole": [Function],
  "getByTestId": [Function],
  "getByText": [Function],
  "getByTitle": [Function],
  "queryAllByAltText": [Function],
  "queryAllByDisplayValue": [Function],
  "queryAllByLabelText": [Function],
  "queryAllByPlaceholderText": [Function],
  "queryAllByRole": [Function],
  "queryAllByTestId": [Function],
  "queryAllByText": [Function],
  "queryAllByTitle": [Function],
  "queryByAltText": [Function],
  "queryByDisplayValue": [Function],
  "queryByLabelText": [Function],
  "queryByPlaceholderText": [Function],
  "queryByRole": [Function],
  "queryByTestId": [Function],
  "queryByText": [Function],
  "queryByTitle": [Function],
  "rerender": [Function],
  "unmount": [Function],
}
`;
