// Jest Snapshot v1, https://goo.gl/fbAQLP

exports[`Default carousel 1`] = `
Object {
  "asFragment": [Function],
  "baseElement": <body>
    <div>
      <div
        class="sc-dlfnbm dqcCbN"
      >
        <button
          class="sc-bdfBwQ kvQbjl"
          color="#013c63"
          type="button"
        >
          <svg
            aria-hidden="true"
            fill="currentColor"
            focusable="false"
            height="32"
            preserveAspectRatio="xMidYMid meet"
            viewBox="0 0 32 32"
            width="32"
            xmlns="http://www.w3.org/2000/svg"
          >
            <path
              d="M14 26L15.41 24.59 7.83 17 28 17 28 15 7.83 15 15.41 7.41 14 6 4 16 14 26z"
            />
          </svg>
        </button>
        <img
          alt="Carousel test picture 0"
          src="/house1.jpg"
        />
        <div>
          <button
            class="sc-gsTCUz gRkIgJ"
            style="background-color: white;"
          />
          <button
            class="sc-gsTCUz hCgbiQ"
            style="background-color: transparent;"
          />
        </div>
        <button
          class="sc-bdfBwQ kvQbjl"
          color="#013c63"
          type="button"
        >
          <svg
            aria-hidden="true"
            fill="currentColor"
            focusable="false"
            height="32"
            preserveAspectRatio="xMidYMid meet"
            viewBox="0 0 32 32"
            width="32"
            xmlns="http://www.w3.org/2000/svg"
          >
            <path
              d="M18 6L16.57 7.393 24.15 15 4 15 4 17 24.15 17 16.57 24.573 18 26 28 16 18 6z"
            />
          </svg>
        </button>
      </div>
    </div>
  </body>,
  "container": <div>
    <div
      class="sc-dlfnbm dqcCbN"
    >
      <button
        class="sc-bdfBwQ kvQbjl"
        color="#013c63"
        type="button"
      >
        <svg
          aria-hidden="true"
          fill="currentColor"
          focusable="false"
          height="32"
          preserveAspectRatio="xMidYMid meet"
          viewBox="0 0 32 32"
          width="32"
          xmlns="http://www.w3.org/2000/svg"
        >
          <path
            d="M14 26L15.41 24.59 7.83 17 28 17 28 15 7.83 15 15.41 7.41 14 6 4 16 14 26z"
          />
        </svg>
      </button>
      <img
        alt="Carousel test picture 0"
        src="/house1.jpg"
      />
      <div>
        <button
          class="sc-gsTCUz gRkIgJ"
          style="background-color: white;"
        />
        <button
          class="sc-gsTCUz hCgbiQ"
          style="background-color: transparent;"
        />
      </div>
      <button
        class="sc-bdfBwQ kvQbjl"
        color="#013c63"
        type="button"
      >
        <svg
          aria-hidden="true"
          fill="currentColor"
          focusable="false"
          height="32"
          preserveAspectRatio="xMidYMid meet"
          viewBox="0 0 32 32"
          width="32"
          xmlns="http://www.w3.org/2000/svg"
        >
          <path
            d="M18 6L16.57 7.393 24.15 15 4 15 4 17 24.15 17 16.57 24.573 18 26 28 16 18 6z"
          />
        </svg>
      </button>
    </div>
  </div>,
  "debug": [Function],
  "findAllByAltText": [Function],
  "findAllByDisplayValue": [Function],
  "findAllByLabelText": [Function],
  "findAllByPlaceholderText": [Function],
  "findAllByRole": [Function],
  "findAllByTestId": [Function],
  "findAllByText": [Function],
  "findAllByTitle": [Function],
  "findByAltText": [Function],
  "findByDisplayValue": [Function],
  "findByLabelText": [Function],
  "findByPlaceholderText": [Function],
  "findByRole": [Function],
  "findByTestId": [Function],
  "findByText": [Function],
  "findByTitle": [Function],
  "getAllByAltText": [Function],
  "getAllByDisplayValue": [Function],
  "getAllByLabelText": [Function],
  "getAllByPlaceholderText": [Function],
  "getAllByRole": [Function],
  "getAllByTestId": [Function],
  "getAllByText": [Function],
  "getAllByTitle": [Function],
  "getByAltText": [Function],
  "getByDisplayValue": [Function],
  "getByLabelText": [Function],
  "getByPlaceholderText": [Function],
  "getByRole": [Function],
  "getByTestId": [Function],
  "getByText": [Function],
  "getByTitle": [Function],
  "queryAllByAltText": [Function],
  "queryAllByDisplayValue": [Function],
  "queryAllByLabelText": [Function],
  "queryAllByPlaceholderText": [Function],
  "queryAllByRole": [Function],
  "queryAllByTestId": [Function],
  "queryAllByText": [Function],
  "queryAllByTitle": [Function],
  "queryByAltText": [Function],
  "queryByDisplayValue": [Function],
  "queryByLabelText": [Function],
  "queryByPlaceholderText": [Function],
  "queryByRole": [Function],
  "queryByTestId": [Function],
  "queryByText": [Function],
  "queryByTitle": [Function],
  "rerender": [Function],
  "unmount": [Function],
}
`;
